[15:58:06.397] [INFO] storybook v10.5.5
[15:58:06.600] [DEBUG] Command "yarn.cmd" not found, trying next variation...
[15:58:06.652] [DEBUG] Command "yarn.exe" not found, trying next variation...
[15:58:06.704] [DEBUG] Command "yarn.ps1" not found, trying next variation...
[15:58:07.148] [DEBUG] Getting package.json info for G:/projects-sid/hoby/schema-ecosystem/schema/package.json...
[15:58:08.477] [DEBUG] Could not determine @babel/preset-env version in use. In case of runtime errors with @babel/preset-env, you may need to set the babelRemoveBugfixes feature flag in your `main.ts` file.
[15:58:08.497] [WARN] No story files found for the specified pattern: [34msrc\lib\**\*.mdx[39m
[15:58:08.760] [DEBUG] Looks like multiple favicons were detected. Using the first one.

G:/projects-sid/hoby/schema-ecosystem/schema/static/favicon.svg, G:/projects-sid/hoby/schema-ecosystem/schema/static/favicon.ico
[15:58:08.761] [DEBUG] Serving static files from [36mstatic[39m at [36m/[39m
[15:58:08.763] [INFO] Starting...
[15:58:08.766] [DEBUG] Looks like multiple favicons were detected. Using the first one.

G:/projects-sid/hoby/schema-ecosystem/schema/static/favicon.svg, G:/projects-sid/hoby/schema-ecosystem/schema/static/favicon.ico
[15:58:08.888] [DEBUG] Starting preview..
[15:58:09.502] [WARN] 🚨 Unable to index ./src/lib/features/activity/components/ActivityFolder/ActivityGroup/ActivityTree/ActivityTree.stories.svelte:
  SB_SVELTE_CSF_PARSER_ANALYSE_STORY_0009 (StoryAsChildWithoutChildrenError): A '<Story name="Default" />' has the 'asChild' prop set, but no children were provided. The 'asChild' prop requires children to render the story content.
Found in file: file:///G:/projects-sid/hoby/schema-ecosystem/schema/src/lib/features/activity/components/ActivityFolder/ActivityGroup/ActivityTree/ActivityTree.stories.svelte

More info: https://github.com/storybookjs/addon-svelte-csf/blob/v5.1.2/ERRORS.md#SB_SVELTE_CSF_PARSER_ANALYSE_STORY_0009

    at Component (file:///G:/projects-sid/hoby/schema-ecosystem/schema/node_modules/.pnpm/@storybook+addon-svelte-csf_320bdf30fdbe1aa00a1f9390ecf51e41/node_modules/@storybook/addon-svelte-csf/dist/indexer/parser.js:237:27)
    at next (file:///G:/projects-sid/hoby/schema-ecosystem/schema/node_modules/.pnpm/zimmerframe@1.1.4/node_modules/zimmerframe/src/walk.js:116:21)
    at _ (file:///G:/projects-sid/hoby/schema-ecosystem/schema/node_modules/.pnpm/@storybook+addon-svelte-csf_320bdf30fdbe1aa00a1f9390ecf51e41/node_modules/@storybook/addon-svelte-csf/dist/indexer/parser.js:36:13)
    at visit (file:///G:/projects-sid/hoby/schema-ecosystem/schema/node_modules/.pnpm/zimmerframe@1.1.4/node_modules/zimmerframe/src/walk.js:110:13)
    at visit (file:///G:/projects-sid/hoby/schema-ecosystem/schema/node_modules/.pnpm/zimmerframe@1.1.4/node_modules/zimmerframe/src/walk.js:96:20)
    at Fragment (file:///G:/projects-sid/hoby/schema-ecosystem/schema/node_modules/.pnpm/@storybook+addon-svelte-csf_320bdf30fdbe1aa00a1f9390ecf51e41/node_modules/@storybook/addon-svelte-csf/dist/indexer/parser.js:183:21)
    at next (file:///G:/projects-sid/hoby/schema-ecosystem/schema/node_modules/.pnpm/zimmerframe@1.1.4/node_modules/zimmerframe/src/walk.js:116:21)
    at _ (file:///G:/projects-sid/hoby/schema-ecosystem/schema/node_modules/.pnpm/@storybook+addon-svelte-csf_320bdf30fdbe1aa00a1f9390ecf51e41/node_modules/@storybook/addon-svelte-csf/dist/indexer/parser.js:36:13)
    at visit (file:///G:/projects-sid/hoby/schema-ecosystem/schema/node_modules/.pnpm/zimmerframe@1.1.4/node_modules/zimmerframe/src/walk.js:110:13)
    at visit (file:///G:/projects-sid/hoby/schema-ecosystem/schema/node_modules/.pnpm/zimmerframe@1.1.4/node_modules/zimmerframe/src/walk.js:96:20)
[15:58:09.504] [ERROR] Failed to build the preview
[15:58:09.507] [ERROR] Error: Unable to index ./src/lib/features/activity/components/ActivityFolder/ActivityGroup/ActivityTree/ActivityTree.stories.svelte
    at _StoryIndexGenerator.getIndexAndStats (file:///G:/projects-sid/hoby/schema-ecosystem/schema/node_modules/.pnpm/storybook@10.5.5_@types+rea_bb35483b6ffa8fb61be85f26b8197a8d/node_modules/storybook/dist/core-server/index.js:19416:15)
    at async _StoryIndexGenerator.getIndex (file:///G:/projects-sid/hoby/schema-ecosystem/schema/node_modules/.pnpm/storybook@10.5.5_@types+rea_bb35483b6ffa8fb61be85f26b8197a8d/node_modules/storybook/dist/core-server/index.js:19405:13)
    at async BasicMinimalPluginContext.config (file:///G:/projects-sid/hoby/schema-ecosystem/schema/node_modules/.pnpm/@storybook+builder-vite@10._f279183db8888c3146775700a3ce122e/node_modules/@storybook/builder-vite/dist/_node-chunks/chunk-ZG2TB5KR.js:188:19)
    at async runConfigHook (file:///G:/projects-sid/hoby/schema-ecosystem/schema/node_modules/.pnpm/vite@8.2.0_@types+node@24.1_8e7472725e8b7e0f91cdc596f125e3c6/node_modules/vite/dist/node/chunks/node.js:37038:15)
    at async resolveConfig (file:///G:/projects-sid/hoby/schema-ecosystem/schema/node_modules/.pnpm/vite@8.2.0_@types+node@24.1_8e7472725e8b7e0f91cdc596f125e3c6/node_modules/vite/dist/node/chunks/node.js:36458:11)
    at async _createServer (file:///G:/projects-sid/hoby/schema-ecosystem/schema/node_modules/.pnpm/vite@8.2.0_@types+node@24.1_8e7472725e8b7e0f91cdc596f125e3c6/node_modules/vite/dist/node/chunks/node.js:26269:65)
    at async Module.start (file:///G:/projects-sid/hoby/schema-ecosystem/schema/node_modules/.pnpm/@storybook+builder-vite@10._f279183db8888c3146775700a3ce122e/node_modules/@storybook/builder-vite/dist/index.js:1621:17)
    at async storybookDevServer (file:///G:/projects-sid/hoby/schema-ecosystem/schema/node_modules/.pnpm/storybook@10.5.5_@types+rea_bb35483b6ffa8fb61be85f26b8197a8d/node_modules/storybook/dist/core-server/index.js:11225:59)
    at async buildOrThrow (file:///G:/projects-sid/hoby/schema-ecosystem/schema/node_modules/.pnpm/storybook@10.5.5_@types+rea_bb35483b6ffa8fb61be85f26b8197a8d/node_modules/storybook/dist/core-server/index.js:8331:12)
    at async buildDevStandalone (file:///G:/projects-sid/hoby/schema-ecosystem/schema/node_modules/.pnpm/storybook@10.5.5_@types+rea_bb35483b6ffa8fb61be85f26b8197a8d/node_modules/storybook/dist/core-server/index.js:11990:41)
[15:58:09.508] [WARN] Broken build, fix the error above.
You may need to refresh the browser.